[   0.0000]nitializg cgup ssys uset
[    0.00000 Iitlizi cgrop subsys cpu
[    0.00000] itializing cgroup sbsyscpuacc
[   .0000] Lin version 4.0-3generic (builddgw018) (c veion 54.0 01609 (Ubunt5.4.6ubuu116.0.2 )#5Ubuntu S Tueep6 15:42:3UTC 216(Ubtu 4.0-387-gener 4.49)
[  0.0000] Cmand le: BOOT_IGE=/boot/mlinuz4.4.0-3-generic rot=LAEL=cloudimgrootfs ro onsoe=tty1 console=tyS0
[    0000000] KRNL sported cp:
[  0.0000]   ntl GenueIntel
[    000000]   A AutnticD
[  0.0000] CentauCentaHaul
[    0.00000 x86/fpu:xstte_ofet[2  57, ste_sis[2]:256
[    0.000000] x86/fp: Supportig XSA feature 0x01: 'x87 floatin pint rgisers'
[    0.0000] x86/fpu Supporting XSAVE feaure 0x02: SS regiters'
[   0.000000] x86/fpu: Supportng XSAVE feature 0x04: 'AVX registers'
[    0.000000] x86/fpu: Eabled xstte features 0x7, context size is 832 btes, using 'standard frmat.
[    0.000000] x86/fpu: Using 'lazy' FPU context switches.
[    0.000000 e20BIOS-provided physical RAM map:
[   0.00000] BIOS-e820: me 0x000000000000000-0x000000000009fbff] usable
[    0000000] BIOS-e820 [mem x000000000009fc00-0x000000000009ffff reserved
[   0.00000] IOS-e820 [em0x0000000000f0000-0x00000000000ff]] reservd
    0.000000] BIOS-e820: [mm x0000000000100000-0x000000003ffeffff] usable
[    0.000000] BIOS820:me 0x000000fff0000x000000fffff] ACPI daa
[    0.000000] BIOS-e820: [mm 0x00000000fec00000-0x00000000fec00fff] reseved
[    0.000000] BIOS-e82 [mem 0x00000000fee00000-0x00000000fee00fff] reserved
[    0.000000] BIOS-e820: [mem 0x00000000fffc000-0x00000000ffffffff] reserved
[    0.000000] NX (Execute Disable) protection: active
[    0.0000]SMBIO 2.5 prent.
[    0.000000] Hypervisor detected: KVM
[    0.000000] e820: las_pfn = 0x3fff0 max_arc_pfn = 0x400000000
[    0000000] MTRR Disabled
[    0.000000] x86/PAT: MTRRs disabled,skippin PAT initialization too.
[    0.000000] x86/PAT: onfiguration [0-7]: WB  WT  UC- UC  WB  WT  UC- UC  
[    0.000000] CPU MTRRs all blank  virtualize system.
[    0.0000000] found SMP P-table at [mem 0x0009fff0-0x0009fff] mapped at [ffff88000009fff0]
[    0.000000] Scanning 1 aeas for low memory coruption
[    0000000]RADIS [mem 0x3fd000-0x377e2fff]
[    0.000000] ACPI: Early table checksum verificatio dsabled
[    00000] ACI:RSDP 0x00000000000E0000 000024 (v02 VBOX  )
[    0.000000] ACPI: XSDT 0x000000003FFF0030 00003C (v01 VBOX   VBOXSDT 0000001 AL 00000061)
[    0.000000] ACPI: FACP 0x000000003FFF00F0 0000F4 (v04 VBOX   VBOXFACP 00000001 ASL  00000061)
[    0.000000] ACPI: DSDT 0x000000003FFF0470 00210F (v01VBX  VOXBIOS 00000002 INL 01528)
[    0.000000] ACPI: FACS 0x000000003FFF0200 000040
[    0.000000] ACPI: FACS 0x000000003FFF0200 000040
[    0.000000 ACPI: APIC 000000003FFF0240 00005C (v02 VBOX   VBOXAPIC 000000 ASL  00000061)
[    0.000000] ACPI: SSDT 0x000000003FFF02A0 0001CC (v01 VBOX   VBOXCPUT 000002NTL 20100528)
[    0.000000] No NUMA configuration found
[    0.000000] Faking a node at [mm x000000000000000-0x000000003ffeffff]
[    0.000000] NODE_DATA(0) allatedmem 0x3ffeb000-0x3ffeffff]
[   0.0000]kvclock: Using msrs 4b564d01 and 4b564d00
[    0.000000] kvm-clock: cpu 0, msr 0:3ffe7001, primary cpu clock
[    0.000000] km-lock: using scedoffset of 5424699601 cycles
[   0.000000] clocksurce: kvm-lock: mask: 0xffffffffffffffff max_cycles: 0x1cd42e4dffb, max_idlens: 881590591483 ns
[    0.000000] Zone ranges:
[    0.000000]   DMA      [mem 0x0000000000001000-0x0000000000fffff
[    0.000000]  DMA32    mem 0x000000000100000-0x000000003ffeffff]
[    0.000000]   Normal   empty
[   0.000000]   Device   empy
[    0.000000] Movable zoe tart for each node
[   ..0000] Early memory node ranges
[    0.000000]   node   0: [mem 0x0000000000001000-x00000000009efff]
[    0.0000]   node   0: [mm x0000000100000-0x00000003fefff]
[    0.000000] Initmem setup node 0 [mem 0x0000000000001000-0x000000003ffeffff]
[    0.000000] ACPI: PM-Timer IO Port: 0x4008
[    0.000000] IOAPIC[0]: apic_id 2, version 32, address 0xfec00000, GSI 0-23
[    0.000000] ACPI: INT_SRC_OVR (bus 0 bu_irq 0globl_rq 2 dfl dfl)
[    0.000000] ACPI: INT_SRC_OVR bu 0 bus_irq 9 global_irq 9 high leel)
[    0.000000] Using ACPI (MADT) for SMP configuration information
[    0.000000] smpboot: Allowing 2 CPUs, 0 hotplug CPUs
[    0.000000] PM: Registered nosave memory: [mem 0x00000000-0x00000ff]
[   .000000] PM: Registered nave memory: [mem 0x0009f000-0x0009ffff]
[    0.0000] PM: egsterd osav meory: [mem 0x000000-0x00fff]
[    0.000000] PM: Registered nsae meor: [mem 0x000f0000-0x000fffff]
[    0.000000] e80: mem 0x40000000-0xffffff] available for PCI deces
    0.00000] Bootng paravirtualized kernel on KVM
[    0.000000] clocksource: refined-jiffies: mask: 0xffffffff max_cycle: 0xffffffff, max_idle_s: 7645519600211568 ns
[    0.000000] setup_percpu: NR_CPUS:256 nr_cpumask_bits:256 nr_pu_ids:2 nr_node_ids:1
[    0.00000] PERCPU: Embedded 33 pages/cpu @ffff88003fc00000 s98008 r8192 d28968 u1048576
[    0.000000] PV qspinlock hash table ntries: 256 (order: 0, 4096 bytes)
[    0.000000] Built 1 zonelists in Node order, mobility grouping on.  Total pages: 257913
[    0.000000] Policy zone: DMA32
[    0.000000] Kernel command line: BOOT_IMAGE=/boot/vmlinuz-4.4.0-38-generic root=LABEL=cloudimg-ootfs ro console=tty1 consol=ttyS0
[    0.000000] PID hash table entries: 4096 (order: 3, 32768 bytes)
[    0.000000] Memory: 1004392K/1048120K available (8404K kernel code, 1283K rwdata, 3944K rodata, 1480K init, 292Kbss, 43728K reserved, 0K cma-resrved)
[    0.00000]SLUB: HWalign=64, Orderr=0-3, MinObjets=0, CPUs=2, Nodes=1
[    0.000000] Hierarchical RCU implementation.
[    0.000000] 	Build-time adjustment of leaf fanout to 64.
[    0.000000] 	RCU restricting CPUs from NR_CPUS=256 to nr_cpu_ids=2.
[    0.000000] RCU: Adjusting geometry for rcu_fanout_leaf=64, nr_cpu_ids=2
[    0.000000] NR_IRQS:16640nr_iqs440 16
[    0.000000] Consol: olouVGA+ 80x5
[   0.000000] console [tty1] enabled
[    0.000000] console[tyS0 enabed
[    0.000000] tsc: Detected 1995.383 MHz processor
[   11.738198] Calibrating delay loop (skipped) preset value.. 3990.76 BogoMIPS (lpj=7981532)
[   11.769187] pid_max: default: 32768 minimum: 301
[   11.791003] ACPI: Core revision 20150930
[   11.836340] ACPI: 2 ACPI AML tables successfully acquired and loaded
[   11.899165] Security Framework initialized
[   11.919053] Yama: becoming mindful.
[   11.927528] AppArmor: AppArmor initialized
[   11.935698] Dentry cache hash table entries: 131072 (order: 8, 1048576 bytes)
[   11.971476] Inode-cache hash table entries: 65536 (order: 7, 524288 bytes)
[   11.987885] Mount-cache hash table entries: 2048 (order: 2, 16384 bytes)
[   12.040947] Mountpoint-cache hash table entries: 2048 (order: 2, 16384 bytes)
[   12.053449] Initializing cgroup subsys io
[   12.059627] Initializing cgroup subsys memory
[   12.071387] Initializing cgroup subsys devices
[   12.092350] Initializing cgroup subsys freezer
[   12.093910] Initializing cgroup subsys net_cls
[   12.095519] Initializing cgroup subsys perf_event
[   12.097324] Initializing cgroup subsys net_prio
[   12.117427] Initializing cgroup subsys hugetlb
[   12.120447] Initializing cgroup subsys pids
[   12.132742] CPU: Physical Processor ID: 0
[   12.135522] CPU: Processor Core ID: 0
[   12.173485] mce: CPU supports 0 MCE banks
[   12.186563] Last level iTLB entries: 4KB 1024, 2MB 1024, 4MB 1024
[   12.219028] Last level dTLB entries: 4KB 1024, 2MB 1024, 4MB 1024, 1GB 4
[   12.228672] Freeing SMP alternatives memory: 32K (ffffffff820b4000 - ffffffff820bc000)
[   12.262607] ftrace: allocating 32006 entries in 126 pages
[   12.354818] smpboot: Max logical packages: 1
[   12.374704] smpboot: APIC(0) Converting physical 0 to logical package 0
[   12.390134] x2apic enabled
[   12.431198] Switched APIC routing to physical x2apic.
[   12.460359] ..TIMER: vector=0x30 apic1=0 pin1=2 apic2=-1 pin2=-1
[   12.602376] smpboot: CPU0: Intel(R) Core(TM) i7-4510U CPU @ 2.00GHz (family: 0x6, model: 0x45, stepping: 0x1)
[   12.669260] Performance Events: unsupported p6 CPU model 69 no PMU driver, software events only.
[   12.684461] KVM setup paravirtual spinlock
[   12.721668] x86: Booting SMP configuration:
[   12.749500] .... node  #0, CPUs:      #1
[   12.771735] kvm-clock: cpu 1, msr 0:3ffe7041, secondary cpu clock
[   12.794587] mce: CPU supports 0 MCE banks
[   12.807876] x86: Booted up 1 node, 2 CPUs
[   12.820471] smpboot: Total of 2 processors activated (7981.53 BogoMIPS)
[   12.846436] devtmpfs: initialized
[   12.858536] evm: security.selinux
[   12.864250] evm: security.SMACK64
[   12.872109] evm: security.SMACK64EXEC
[   12.876283] evm: security.SMACK64TRANSMUTE
[   12.883052] evm: security.SMACK64MMAP
[   12.884204] evm: security.ima
[   12.904811] evm: security.capability
[   12.909281] clocksource: jiffies: mask: 0xffffffff max_cycles: 0xffffffff, max_idle_ns: 7645041785100000 ns
[   12.915057] pinctrl core: initialized pinctrl subsystem
[   12.946766] RTC time:  7:53:42, date: 10/03/16
[   12.958815] NET: Registered protocol family 16
[   13.006937] cpuidle: using governor ladder
[   13.035199] cpuidle: using governor menu
[   13.073674] PCCT header not found.
[   13.075738] ACPI: bus type PCI registered
[   13.088687] acpiphp: ACPI Hot Plug PCI Controller Driver version: 0.5
[   13.121924] PCI: Using configuration type 1 for base access
[   13.151502] ACPI: Added _OSI(Module Device)
[   13.179362] ACPI: Added _OSI(Processor Device)
[   13.190537] ACPI: Added _OSI(3.0 _SCP Extensions)
[   13.209802] ACPI: Added _OSI(Processor Aggregator Device)
[   13.256970] ACPI: Executed 1 blocks of module-level executable AML code
[   13.298067] ACPI: Interpreter enabled
[   13.318497] ACPI Exception: AE_NOT_FOUND, While evaluating Sleep State [\_S1_] (20150930/hwxface-580)
[   13.345208] ACPI Exception: AE_NOT_FOUND, While evaluating Sleep State [\_S2_] (20150930/hwxface-580)
[   13.356212] ACPI Exception: AE_NOT_FOUND, While evaluating Sleep State [\_S3_] (20150930/hwxface-580)
[   13.390245] ACPI Exception: AE_NOT_FOUND, While evaluating Sleep State [\_S4_] (20150930/hwxface-580)
[   13.421085] ACPI: (supports S0 S5)
[   13.424245] ACPI: Using IOAPIC for interrupt routing
[   13.429048] PCI: Using host bridge windows from ACPI; if necessary, use "pci=nocrs" and report a bug
[   13.463742] ACPI: PCI Root Bridge [PCI0] (domain 0000 [bus 00-ff])
[   13.488211] acpi PNP0A03:00: _OSC: OS supports [ASPM ClockPM Segments MSI]
[   13.500780] acpi PNP0A03:00: _OSC failed (AE_NOT_FOUND); disabling ASPM
[   13.521057] acpi PNP0A03:00: fail to add MMCONFIG information, can't access extended PCI configuration space under this bridge.
[   13.543199] PCI host bridge to bus 0000:00
[   13.555039] pci_bus 0000:00: root bus resource [io  0x0000-0x0cf7 window]
[   13.560168] pci_bus 0000:00: root bus resource [io  0x0d00-0xffff window]
[   13.572727] pci_bus 0000:00: root bus resource [mem 0x000a0000-0x000bffff window]
[   13.599472] pci_bus 0000:00: root bus resource [mem 0x40000000-0xffdfffff window]
[   13.618807] pci_bus 0000:00: root bus resource [bus 00-ff]
[   13.639940] pci 0000:00:01.1: legacy IDE quirk: reg 0x10: [io  0x01f0-0x01f7]
[   13.662885] pci 0000:00:01.1: legacy IDE quirk: reg 0x14: [io  0x03f6]
[   13.689501] pci 0000:00:01.1: legacy IDE quirk: reg 0x18: [io  0x0170-0x0177]
[   13.694058] pci 0000:00:01.1: legacy IDE quirk: reg 0x1c: [io  0x0376]
[   13.753669] pci 0000:00:07.0: quirk: [io  0x4000-0x403f] claimed by PIIX4 ACPI
[   13.768145] pci 0000:00:07.0: quirk: [io  0x4100-0x410f] claimed by PIIX4 SMB
[   13.807680] ACPI: PCI Interrupt Link [LNKA] (IRQs 5 9 10 *11)
[   13.831143] ACPI: PCI Interrupt Link [LNKB] (IRQs 5 9 10 *11)
[   13.839165] ACPI: PCI Interrupt Link [LNKC] (IRQs 5 9 *10 11)
[   13.851779] ACPI: PCI Interrupt Link [LNKD] (IRQs 5 *9 10 11)
[   13.891141] ACPI: Enabled 2 GPEs in block 00 to 07
[   13.896106] vgaarb: setting as boot device: PCI:0000:00:02.0
[   13.927733] vgaarb: device added: PCI:0000:00:02.0,decodes=io+mem,owns=io+mem,locks=none
[   13.948578] vgaarb: loaded
[   13.956537] vgaarb: bridge control possible 0000:00:02.0
[   13.995587] SCSI subsystem initialized
[   14.005625] ACPI: bus type USB registered
[   14.011424] usbcore: registered new interface driver usbfs
[   14.037419] usbcore: registered new interface driver hub
[   14.078021] usbcore: registered new device driver usb
[   14.084308] PCI: Using ACPI for IRQ routing
[   14.115024] NetLabel: Initializing
[   14.126264] NetLabel:  domain hash size = 128
[   14.131942] NetLabel:  protocols = UNLABELED CIPSOv4
[   14.151259] NetLabel:  unlabeled traffic allowed by default
[   14.187625] amd_nb: Cannot enumerate AMD northbridges
[   14.193385] clocksource: Switched to clocksource kvm-clock
[   4.93] ppmor: AppArmor Filesystem Enabled
[   14.56795] pnp: PnP CPinit
[   4.45266] pnp: PnP ACPI: found 3 devices

[   14.852173] clocksource: acpi_pm: mask: 0xffffff max_cycles: 0xffffff, max_idle_ns: 2085701024 ns
[   14.876128] NET: Registered protocol family 2
[   14.888258] TCP established hash table entries: 8192 (order: 4, 65536 bytes)
[   14.912535] TCP bind hash table entries: 8192 (order: 5, 131072 bytes)
[   14.918920] TCP: Hash tables configured (established 8192 bind 8192)
[   14.929283] UDP hash table entries: 512 (order: 2, 16384 bytes)
[   14.948701] UDP-Lite hash table entries: 512 (order: 2, 16384 bytes)
[   14.961600] NET: Registered protocol family 1
[   14.968362] pci 0000:00:00.0: Limiting direct PCI/PCI transfers
[   14.984591] pci 0000:00:01.0: Activating ISA DMA hang workarounds
[   14.999488] Trying to unpack rootfs image as initramfs...
[ 17.753930] Freeing initd memory 844K (ffff880036fd6000 - ffff8800377e3000)

[   17.951868] RAPL PMU detected, API unit is 2^-32 oules, 4 fixed cunters 10737418240 ms ovfl timer
[ 18.086800] hw unit of domain pp0-core 2^-Jole

[   18.355767] hw unit of domain package 2^-0 Joules
[   18.379233] hw unit of domain dram 2^-0 Joules
[   18.384384] hw unit of domain pp1-gpu 2^-0 Joules
[   18.387739] platform rtc_cmos: rgitered platform TC evice (no PNP deceound)
[   18.752672] Scanning for low memory corrupton every 60 seconds

[   18.814977] futex hash table entries: 512 (order: 3, 32768 bytes)
[   18.821965] audit: initializing netlink subsys (disabled)
[   18.834856] audit: type=2000 audit(1475481221.448:1): initialized
[   18.857837] Initialise system trusted keyring
[   18.866533] HugeTLB registered 2 MB page size, pre-allocated 0 pages
[   18.890311] zbud: loaded
[   18.893473] VFS: Disk quotas dquot_6.6.0
[   18.913546] VFS: Dquot-cache hash table entries: 512 (order 0, 4096 bytes)
[   18.919979] squashfs: version 4.0 (2009/01/31) Phillip Lougher
[   18.927754] fuse init (API version 7.23)
[   18.936303] Key type big_key registered
[   18.944688] Allocating IMA MOK and blacklist keyrings.
[   18.958080] Key type asymmetric registered
[   18.970757] Asymmetric key parser 'x509' registered
[   18.985548] Block layer SCSI generic (bsg) driver version 0.4 loaded (major 249)
[   19.001102] io scheduler noop registered
[   19.015414] io scheduler deadline registered (default)
[   19.030983] io scheduler cfq registered
[   19.046503] pci_hotplug: PCI Hot Plug PCI Core version: 0.5
[   19.058763] pciehp: PCI Express Hot Plug Controller Driver version: 0.4
[   19.064394] ACPI: AC Adapter [AC] (on-line)
[   19.075045] input: Power Button as /devices/LNXSYSTM:00/LNXPWRBN:00/input/input0
[   19.083128] ACPI: Power Button [PWRF]
[   19.085511] input: Sleep Button as /devices/LNXSYSTM:00/LNXSLPBN:00/input/input1
[   19.119806] ACPI: Sleep Button [SLPF]
[   19.138972] GHES: HEST is not enabled!
[   19.140195] ACPI: Battery Slot [BAT0] (battery present)
[   19.167246] Serial: 8250/16550 driver, 32 ports, IRQ sharing enabled
[   19.217062] 00:02: ttyS0 at I/O 0x3f8 (irq = 4, base_baud = 115200) is a 16550A
[   19.226699] Linux agpgart interface v0.103
[   19.248040] brd: module loaded
[   19.261582] loop: module loaded
[   19.278639] scsi host0: ata_piix
[   19.301296] scsi host1: ata_piix
[   19.305852] ata1: PATA max UDMA/33 cmd 0x1f0 ctl 0x3f6 bmdma 0xd000 irq 14
[   19.328425] ata2: PATA max UDMA/33 cmd 0x170 ctl 0x376 bmdma 0xd008 irq 15
[   19.342498] libphy: Fixed MDIO Bus: probed
[   19.352523] tun: Universal TUN/TAP device driver, 1.6
[   19.361326] tun: (C) 1999-2004 Max Krasnyansky <maxk@qualcomm.com>
[   19.375765] PPP generic driver version 2.4.2
[   19.387512] tsc: Refined TSC clocksource calibration: 1995.233 MHz
[   19.387516] clocksource: tsc: mask: 0xffffffffffffffff max_cycles: 0x39852e72bc9, max_idle_ns: 881590722634 ns
[   19.425124] ehci_hcd: USB 2.0 'Enhanced' Host Controller (EHCI) Driver
[   19.441638] ehci-pci: EHCI PCI platform driver
[   19.466347] ehci-platform: EHCI generic platform driver
[   19.504740] ohci_hcd: USB 1.1 'Open' Host Controller (OHCI) Driver
[   19.534135] ohci-pci: OHCI PCI platform driver
[   19.547294] ohci-platform: OHCI generic platform driver
[   19.557404] uhci_hcd: USB Universal Host Controller Interface driver
[   19.574142] i8042: PNP: PS/2 Controller [PNP0303:PS2K,PNP0f03:PS2M] at 0x60,0x64 irq 1,12
[   19.585258] serio: i8042 KBD port at 0x60,0x64 irq 1
[   19.595294] serio: i8042 AUX port at 0x60,0x64 irq 12
[   19.616049] mousedev: PS/2 mouse device common for all mice
[   19.628758] rtc_cmos rtc_cmos: rtc core: registered rtc_cmos as rtc0
[   19.632560] rtc_cmos rtc_cmos: alarms up to one day, 114 bytes nvram
[   19.643432] i2c /dev entries driver
[   9.05] device-mapper: uevent: version 1.0.3
[   19.660601] input: AT Translated Set 2 keyoa a/devices/platform/8042/sero0npt/input2

[   20.198253] device-mapper: ioctl: 4.34.0-ioctl (2015-10-28) initialised: dm-devel@redhat.com
[   20.223360] ledtrig-cpu: registered to indicate activity on CPUs
[   20.234871] NET: Registered protocol family 10
[   20.258199] NET: Registered protocol family 17
[   20.286998] Key type dns_resolver registered
[   20.297728] microcode: CPU0 sig=0x40651, pf=0x40, revision=0x0
[   20.308536] microcode: CPU1 sig=0x40651, pf=0x40, revision=0x0
[   20.331460] microcode: Microcode Update Driver: v2.01 <tigran@aivazian.fsnet.co.uk>, Peter Oruba
[   20.362022] registered taskstats version 1
[   20.390436] Loading compiled-in X.509 certificates
[   20.418878] Loaded X.509 cert 'Build time autogenerated kernel key: 8b9fe5db9540517005e475afed63f7a6645227d6'
[   20.520788] zswap: loaded using pool lzo/zbud
[   20.573877] Key type trusted registered
[   20.606919] Key type encrypted registered
[   20.617973] AppArmor: AppArmor sha1 policy hashing enabled
[   20.650481] ima: No TPM chip found, activating TPM-bypass!
[   20.675174] evm: HMAC attrs: 0x1
[   20.682452]   Magic number: 4:329:874
[   20.700488] rtc_cmos rtc_cmos: setting system clock to 2016-10-03 07:53:50 UTC (1475481230)
[   20.741895] BIOS EDD facility v0.16 2004-Jun-25, 0 devices found
[   20.775599] EDD information not available.
[   20.798070] Freeing unused kernel memory: 1480K (ffffffff81f42000 - ffffffff820b4000)
[   20.812157] Write protecting the kernel read-only data: 14336k
[   20.832313] Freeing unused kernel memory: 1824K (ffff880001838000 - ffff880001a00000)
[   20.844999] Freeing unused kernel memory: 152K (ffff880001dda000 - ffff880001e00000)
Loading, please wait...
starting version[   20.882495] random: systemd-udevd: uninitialized urandom read (16 bytes read, 4 bits of entropy available)
 229
[   20.894590] random: systemd-udevd: uninitialized urandom read (16 bytes read, 4 bits of entropy available)
[   20.898539] random: udevadm: uninitialized urandom read (16 bytes read, 4 bits of entropy available)
[   20.898587] random: udevadm: uninitialized urandom read (16 bytes read, 4 bits of entropy available)
[   20.898737] random: udevadm: uninitialized urandom read (16 bytes read, 4 bits of entropy available)
[   20.898813] random: udevadm: uninitialized urandom read (16 bytes read, 4 bits of entropy available)
[   20.898883] random: udevadm: uninitialized urandom read (16 bytes read, 4 bits of entropy available)
[   20.898932] random: udevadm: uninitialized urandom read (16 bytes read, 4 bits of entropy available)
[   20.898980] random: udevadm: uninitialized urandom read (16 bytes read, 4 bits of entropy available)
[   20.899025] random: udevadm: uninitialized urandom read (16 bytes read, 4 bits of entropy available)
[   21.210316] e1000: Intel(R) PRO/1000 Network Driver - version 7.3.21-k8-NAPI
[   21.219824] e1000: Copyright (c) 1999-2006 Intel Corporation.
[   21.253289] Fusion MPT base driver 3.04.20
[   21.296040] Copyright (c) 1999-2008 LSI Corporation
[   21.353287] AVX version of gcm_enc/dec engaged.
[   21.382561] AES CTR mode by8 optimization enabled
[   21.420096] Fusion MPT SPI Host driver 3.04.20
[   21.646506] input: ImExPS/2 Generic Explorer Mouse as /devices/platform/i8042/serio1/input/input4
[   21.906713] e1000 0000:00:03.0 eth0: (PCI:33MHz:32-bit) 02:a0:3d:de:85:bf
[   21.958341] e1000 0000:00:03.0 eth0: Intel(R) PRO/1000 Network Connection
[   22.007548] mptbase: ioc0: Initiating bringup
[   22.364814] ioc0: LSI53C1030 A0: Capabilities={Initiator}
[   23.243547] scsi host2: ioc0: LSI53C1030 A0, FwRev=00000000h, Ports=1, MaxQ=256, IRQ=20
[   24.106897] scsi 2:0:0:0: Direct-Access     VBOX     HARDDISK         1.0  PQ: 0 ANSI: 5
[   24.141269] scsi target2:0:0: Beginning Domain Validation
[   24.146974] scsi target2:0:0: Domain Validation skipping write tests
[   24.167247] scsi target2:0:0: Ending Domain Validation
[   24.170034] scsi target2:0:0: asynchronous
[   24.181693] scsi 2:0:1:0: Direct-Access     VBOX     HARDDISK         1.0  PQ: 0 ANSI: 5
[   24.189885] scsi target2:0:1: Beginning Domain Validation
[   24.193279] scsi target2:0:1: Domain Validation skipping write tests
[   24.198692] scsi target2:0:1: Ending Domain Validation
[   24.209308] scsi target2:0:1: asynchronous
[   24.330147] floppy0: no floppy controllers found
[   24.360873] sd 2:0:0:0: Attached scsi generic sg0 type 0
[   24.370909] sd 2:0:0:0: [sda] 20971520 512-byte logical blocks: (10.7 GB/10.0 GiB)
[   24.384534] sd 2:0:0:0: [sda] Write Protect is off
[   24.392151] sd 2:0:0:0: [sda] Incomplete mode parameter data
[   24.392153] sd 2:0:0:0: [sda] Assuming drive cache: write through
[   24.464910] sd 2:0:1:0: Attached scsi generic sg1 type 0
[   24.470430] sd 2:0:1:0: [sdb] 20480 512-byte logical blocks: (10.5 MB/10.0 MiB)
[   24.504466]  sda: sda1
[   24.522650] sd 2:0:1:0: [sdb] Write Protect is off
[   24.539869] sd 2:0:1:0: [sdb] Incomplete mode parameter data
[   24.554795] sd 2:0:1:0: [sdb] Assuming drive cache: write through
[   24.592234] sd 2:0:0:0: [sda] Attached SCSI disk
[   24.656902] e1000 0000:00:08.0 eth1: (PCI:33MHz:32-bit) 08:00:27:a9:80:51
[   25.599894] e1000 0000:00:08.0 eth1: Intel(R) PRO/1000 Network Connection
[   25.640733] sd 2:0:1:0: [sdb] Attached SCSI disk
[   25.653165] e1000 0000:00:03.0 enp0s3: renamed from eth0
[   25.698149] e1000 0000:00:08.0 enp0s8: renamed from eth1
Begin: Loading essential drivers[   27.402376] md: linear personality registered for level -1
 ... [   27.416971] md: multipath personality registered for level -4
[   27.447246] md: raid0 personality registered for level 0
[   27.479535] md: raid1 personality registered for level 1
[   27.565754] raid6: sse2x1   gen()  2423 MB/s
[   27.649683] raid6: sse2x1   xor()  3012 MB/s
[   27.753443] raid6: sse2x2   gen()  6210 MB/s
[   27.861402] raid6: sse2x2   xor()  4235 MB/s
[   27.965511] raid6: sse2x4   gen()  6592 MB/s
[   28.045535] raid6: sse2x4   xor()  4325 MB/s
[   28.073845] raid6: using algorithm sse2x4 gen() 6592 MB/s
[   28.081076] raid6: .... xor() 4325 MB/s, rmw enabled
[   28.097788] raid6: using ssse3x2 recovery algorithm
[   28.113333] xor: automatically using best checksumming function:
[   28.157735]    avx       : 12233.000 MB/sec
[   28.172460] async_tx: api initialized (async)
[   28.201012] md: raid6 personality registered for level 6
[   28.203668] md: raid5 personality registered for level 5
[   28.217438] md: raid4 personality registered for level 4
[   28.230721] md: raid10 personality registered for level 10
done.
Begin: Running /scripts/init-premount ... done.
Begin: Mounting root file system ... Begin: Running /scripts/local-top ... done.
Begin: Running /scripts/local-premount ... [   28.291357] Btrfs loaded
Scanning for Btrfs filesystems
done.
Warning: fsck not present, so skipping root file system
[   28.424669] EXT4-fs (sda1): mounted filesystem with ordered data mode. Opts: (null)
done.
Begin: Running /scripts/local-bottom ... done.
Begin: Running /scripts/init-bottom ... Warning: overlayroot: debug is busted
done.
[   29.976854] random: nonblocking pool is initialized
[   31.074470] systemd[1]: systemd 229 running in system mode. (+PAM +AUDIT +SELINUX +IMA +APPARMOR +SMACK +SYSVINIT +UTMP +LIBCRYPTSETUP +GCRYPT +GNUTLS +ACL +XZ -LZ4 +SECCOMP +BLKID +ELFUTILS +KMOD -IDN)
[   31.133310] systemd[1]: Detected virtualization oracle.
[   31.150734] systemd[1]: Detected architecture x86-64.

Welcome to [1mUbuntu 16.04.1 LTS[0m!

[   31.251300] systemd[1]: Set hostname to <ubuntu>.
[   31.359937] systemd[1]: Initializing mache ID from radom generator.
[   31.647786] systemd[1]: Installed transient /etc/machine-id file.
[  33.303948] systemd[1]: Listenig on LVM2 poll aemon ocket.

[[0;32m  OK  [0m] Listening on LVM2 poll daemon socket.
[  33.630582] ysem1]: Lienng on udev ntrol Socket.
[[0;32m  OK  [0m] Listening on udev Control Socket.
[ 34.268484] systemd[1]: Listening on LVM2 metadata daemon socket.
[[0;32m  OK  [0m] Listening on LVM2 metadata daemon socket.
[  3.602958] systemd[1]: Set up automount Arbitrary Executable File Formats File System Automount Point.
[[0;32m  OK  [0m] Set up automount Arbitrary Executab...ats File System Automount Point.
[  35.28151] systemd[1]: Created slice System Slice.
[[0;32m  OK  [0m] Created slice System Slice.
[   35.581670] systemd[1]: Created slicsyemseral2dgtty.slice.

[[0;32m  OK  [0m] Created slice system-serial\x2dgetty.slice.
[   36.230854] systemd[1]: Reached target User and Group Name Lookups.
[[0;32m  OK  [0m] Reached target User and Group Name Lookups.
[  36.278983] systemd[1]: Listening on Journl Socket.
[[0;32m  OK  [0m] Listening on Journal Socket.
[   36.581788] systemd[1]: Starting Uncomplicated firewall...
         Starting Uncomplicated firewall...
[   36.661718] systemd[1]: Starting Nameserver information manager...
         Starting Nameserver information manager...
[   36.789911] systemd[1]: Starting Load Kernel Modules...
         Starting Load Kernel Modules...
[   36.828476] systemd[1]: Listening on Journal Audit Socket.
[[0;32m  OK  [0m] Listening on Journal Audit Socket.
[   36.864445] systemd[1]: Listening on Journal Socket (/dev/log).
[[0;32m  OK  [0m] Listening on Journal Socket (/dev/log).
[   36.901120] Loading iSCSI transport class v2.0-870.
[   36.933591] systemd[1]: Mounting Huge Pages File System...
         Mounting Huge Pages File System...
[  398986]ystemd[1]: Listening on /dev/initctl Compatibility Named Pipe.
[[0;32m  OK  [0[   37.251374] iscsi: registered transport (tcp)
m] Listening on /dev/initctl Compatibility Named Pipe.
[   37.280512] systemd[1]: Reached target Swap.
[[0;32m  OK  [0m] Reached target Swap.
[   37.307358] systemd[1]: Listening on Syslog Socket.
[[0;32m  OK  [0m] Listening on Syslog Socket.
[   37.390683] systemd[1]: Starting Journal Service...
         Starting Journal Service...
[   37.453922] systemd[1]: Starting Create list of required static device nodes for the current kernel...
         Starting Create list of required st... nodes for the current kernel...
[   37.529959] systemd[1]: Starting Set console keymap...
         Starting Set console keymap...
[   37.578109] systemd[1]: Starting Remount Root and Kernel File Systems...
         Starting Remount Root and Kernel File Systems...
[   37.655448] EXT4-fs (sda1): re-mounted. Opts: (null)
[   37.701655] systemd[1]: Mounting POSIX Message Queue File System...
         Mounting POSIX Message Queue File System...
[   37.718539] iscsi: registered transport (iser)
[   37.750653] systemd[1]: Started Forward Password Requests to Wall Directory Watch.
[[0;32m  OK  [0m] Started Forward Password Requests to Wall Directory Watch.
[   37.807630] systemd[1]: Mounting Debug File System...
         Mounting Debug File System...
[ 37.848026] systemd[1]: Reache target Enryed Vlues.

[[0;32m  OK  [0m] Reached target Encrypted Volumes.
[  3.258282] systemd[1]: Listening on udev Kernl cket.
[[0;32m  OK  [0m] Listening on udev Kernel Socket.
[   38.577576] systemd[1]: Created slice User and Session Slice.
[[0;32m  OK  [0m] Created slice User and Session Slice.
[   38.597024] systemd[1]: Reached target Slices.
[[0;32m  OK  [0m] Reached target Slices.
[   38.668479] systemd[1]: Listening on Device-mapper event daemon FIFOs.
[[0;32m  OK  [0m] Listening on Device-mapper event daemon FIFOs.
[   38.725680] systemd[1]: Starting Monitoring of LVM2 mirrors, snapshots etc. using dmeventd or progress polling...
         Starting Monitoring of LVM2 mirrors... dmeventd or progress polling...
[   38.750358] systemd[1]: Mounted Huge Pages File System.
[[0;32m  OK  [0m] Mounted Huge Pages File System.
[  38.810668] systemd[1]: Mounted POSIX Message Quee File Sste

[[0;32m  OK  [0m] Mounted POSIX Message Queue File System.
[   39.095079] systemd[1]: Mounted Debug File System.
[[0;32m  OK  [0m] Mounted Debug File System.
[   39.126407] systemd[1]: Started Journal Service.
[[0;32m  OK  [0m] Started Journal Service.
[[0;32m  OK  [0m] Started Uncomplicated firewall.
[[0;32m  OK  [0m] Started Load Kernel Modules.
[[0;32m  OK  [0m] Started Create list of required sta...ce nodes for the current kernel.
[[0;32m  OK  [0m] Started Set console keymap.
[[0;32m  OK  [0m] Started Remount Root and Kernel File Systems.
[[0;32m  OK  [0m] Started Nameserver information manager.
[[0;32m  OK  [0m] Started LVM2 metadata daemon.
         Starting Load/Save Random Seed...
         Starting udev Coldplug all Devices...
         Starting Create Static Device Nodes in /dev...
         Starting Apply Kernel Variables...
         Mounting FUSE Control File System...
         Starting Flush Journal to Persistent Storage...
[[0;32m  OK  [0m] Mounted FUSE Control File System.
[[0;32m  OK  [0m] Started Load/Save Random Seed.
[[0;32m  OK  [0m] Started udev Coldplug all Devices.
[   40.051726] systemd-journald[413]: Received request to flush runtime journal from PID 1
[[0;32m  OK  [0m] Started Flush Journal to Persistent Storage.
[[0;32m  OK  [0m] Started Apply Kernel Variables.
[[0;32m  OK  [0m] Started Create Static Device Nodes in /dev.
[[0;32m  OK  [0m] Started Monitoring of LVM2 mirrors,...ng dmeventd or progress polling.
         Starting udev Kernel Device Manager...
[[0;32m  OK  [0m] Started udev Kernel Device Manager.
[[0;32m  OK  [0m] Reached target Local File Systems (Pre).
[[0;32m  OK  [0m] Reached target Local File Systems.
         Starting Run snappy firstboot setup...
         Starting Initial cloud-init job (pre-networking)...
         Starting Create Volatile Files and Directories...
         Starting Commit a transient machine-id on disk...
         Starting LSB: AppArmor initialization...
         Starting Tell Plymouth To Write Out Runtime Data...
         Starting Set console font and keymap...
[[0;32m  OK  [0m] Started Dispatch Password Requests to Console Directory Watch.
[[0;32m  OK  [0m] Started Commit a transient machine-id on disk.
[[0;32m  OK  [0m] Started Create Volatile Files and Directories.
[[0;32m  OK  [0m] Reached target System Time Synchronized.
         Starting Update UTMP about System Boot/Shutdown...
[[0;32m  OK  [0m] Found device /dev/ttyS0.
[[0;32m  OK  [0m] Started Tell Plymouth To Write Out Runtime Data.
[[0;32m  OK  [0m] Listening on Load/Save RF Kill Switch Status /dev/rfkill Watch.
[[0;32m  OK  [0m] Started Update UTMP about System Boot/Shutdown.
[[0;32m  OK  [0m] Started Set console font and keymap.
[[0;32m  OK  [0m] Created slice system-getty.slice.
[[0;32m  OK  [0m] Started Run snappy firstboot setup.
[[0;32m  OK  [0m] Started LSB: AppArmor initialization.
[[0;32m  OK  [0m] Reached target System Initialization.
[[0;32m  OK  [0m] Listening on ACPID Listen Socket.
[[0;32m  OK  [0m] Listening on UUID daemon activation socket.
[[0;32m  OK  [0m] Started Timer to automatically refresh installed snaps.
[[0;32m  OK  [0m] Listening on D-Bus System Message Bus Socket.
[[0;32m  OK  [0m] Started Trigger resolvconf update for networkd DNS.
[[0;32m  OK  [0m] Started Daily apt activities.
         Starting LXD - unix socket.
[[0;32m  OK  [0m] Started Daily Cleanup of Temporary Directories.
[[0;32m  OK  [0m] Reached target Timers.
         Starting Socket activation for snappy daemon.
[[0;32m  OK  [0m] Started ACPI Events Check.
[[0;32m  OK  [0m] Reached target Paths.
[[0;32m  OK  [0m] Listening on LXD - unix socket.
[[0;32m  OK  [0m] Listening on Socket activation for snappy daemon.
[[0;32m  OK  [0m] Reached target Sockets.
[[0;32m  OK  [0m] Reached target Basic System.
[[0;32m  OK  [0m] Started ACPI event daemon.
         Starting LSB: MD monitoring daemon...
[[0;32m  OK  [0m] Started FUSE filesystem for LXC.
[[0;32m  OK  [0m] Started Snappy daemon.
         Starting Login Service...
[[0;32m  OK  [0m] Started D-Bus System Message Bus.
         Starting LXD - container startup/shutdown...
         Starting System Logging Service...
[[0;32m  OK  [0m] Started Regular background program processing daemon.
         Starting LSB: Record successful boot for GRUB...
[[0;32m  OK  [0m] Started Deferred execution scheduler.
         Starting Accounts Service...
[[0;32m  OK  [0m] Started Login Service.
[[0;32m  OK  [0m] Started LSB: Record successful boot for GRUB.
[[0;32m  OK  [0m] Started LSB: MD monitoring daemon.
[[0;32m  OK  [0m] Started System Logging Service.
[[0;32m  OK  [0m] Started LXD - container startup/shutdown.
[   50.565333] cloud-init[512]: Cloud-init v. 0.7.8 running 'init-local' at Mon, 03 Oct 2016 07:54:32 +0000. Up 49.33 seconds.
[[0;32m  OK  [0m] Started Initial cloud-init job (pre-networking).
[[0;32m  OK  [0m] Reached target Network (Pre).
         Starting Raise network interfaces...
[[0m[0;31m*     [0m] (1 of 2) A start job is running for Accounts Service (35s / 1min 52s)[K[[0;1;31m*[0m[0;31m*    [0m] (1 of 2) A start job is running for Accounts Service (36s / 1min 52s)[K[[0;31m*[0;1;31m*[0m[0;31m*   [0m] (1 of 2) A start job is running for Accounts Service (36s / 1min 52s)[K[ [0;31m*[0;1;31m*[0m[0;31m*  [0m] (2 of 2) A start job is running for...work interfaces (37s / 5min 30s)[K[  [0;31m*[0;1;31m*[0m[0;31m* [0m] (2 of 2) A start job is running for...work interfaces (37s / 5min 30s)[K[   [0;31m*[0;1;31m*[0m[0;31m*[0m] (2 of 2) A start job is running for...work interfaces (38s / 5min 30s)[K[    [0;31m*[0;1;31m*[0m] (1 of 2) A start job is running for Accounts Service (38s / 1min 52s)[K[     [0;31m*[0m] (1 of 2) A start job is running for Accounts Service (39s / 1min 52s)[K[    [0;31m*[0;1;31m*[0m] (1 of 2) A start job is running for Accounts Service (39s / 1min 52s)[K[   [0;31m*[0;1;31m*[0m[0;31m*[0m] (2 of 2) A start job is running for...work interfaces (40s / 5min 30s)[K[  [0;31m*[0;1;31m*[0m[0;31m* [0m] (2 of 2) A start job is running for...work interfaces (40s / 5min 30s)[K[ [0;31m*[0;1;31m*[0m[0;31m*  [0m] (2 of 2) A start job is running for...work interfaces (41s / 5min 30s)[K[[0;31m*[0;1;31m*[0m[0;31m*   [0m] (1 of 2) A start job is running for Accounts Service (41s / 1min 52s)[K[[0;1;31m*[0m[0;31m*    [0m] (1 of 2) A start job is running for Accounts Service (42s / 1min 52s)[K[[0m[0;31m*     [0m] (1 of 2) A start job is running for Accounts Service (42s / 1min 52s)[K[[0;1;31m*[0m[0;31m*    [0m] (2 of 2) A start job is running for...work interfaces (43s / 5min 30s)[K[[0;31m*[0;1;31m*[0m[0;31m*   [0m] (2 of 2) A start job is running for...work interfaces (43s / 5min 30s)[K[ [0;31m*[0;1;31m*[0m[0;31m*  [0m] (2 of 2) A start job is running for...work interfaces (44s / 5min 30s)[K[  [0;31m*[0;1;31m*[0m[0;31m* [0m] (1 of 2) A start job is running for Accounts Service (44s / 1min 52s)[K[   [0;31m*[0;1;31m*[0m[0;31m*[0m] (1 of 2) A start job is running for Accounts Service (45s / 1min 52s)[K[    [0;31m*[0;1;31m*[0m] (1 of 2) A start job is running for Accounts Service (45s / 1min 52s)[K[     [0;31m*[0m] (2 of 2) A start job is running for...work interfaces (46s / 5min 30s)[K[    [0;31m*[0;1;31m*[0m] (2 of 2) A start job is running for...work interfaces (46s / 5min 30s)[K[   [0;31m*[0;1;31m*[0m[0;31m*[0m] (2 of 2) A start job is running for...work interfaces (47s / 5min 30s)[K[  [0;31m*[0;1;31m*[0m[0;31m* [0m] (1 of 2) A start job is running for Accounts Service (47s / 1min 52s)[K[ [0;31m*[0;1;31m*[0m[0;31m*  [0m] (1 of 2) A start job is running for Accounts Service (48s / 1min 52s)[K[[0;31m*[0;1;31m*[0m[0;31m*   [0m] (1 of 2) A start job is running for Accounts Service (48s / 1min 52s)[K[[0;1;31m*[0m[0;31m*    [0m] (2 of 2) A start job is running for...work interfaces (49s / 5min 30s)[K[[0m[0;31m*     [0m] (2 of 2) A start job is running for...work interfaces (49s / 5min 30s)[K[[0;1;31m*[0m[0;31m*    [0m] (2 of 2) A start job is running for...work interfaces (50s / 5min 30s)[K[[0;31m*[0;1;31m*[0m[0;31m*   [0m] (1 of 2) A start job is running for Accounts Service (50s / 1min 52s)[K[ [0;31m*[0;1;31m*[0m[0;31m*  [0m] (1 of 2) A start job is running for Accounts Service (51s / 1min 52s)[K[  [0;31m*[0;1;31m*[0m[0;31m* [0m] (1 of 2) A start job is running for Accounts Service (51s / 1min 52s)[K[   [0;31m*[0;1;31m*[0m[0;31m*[0m] (2 of 2) A start job is running for...work interfaces (52s / 5min 30s)[K[    [0;31m*[0;1;31m*[0m] (2 of 2) A start job is running for...work interfaces (52s / 5min 30s)[K[     [0;31m*[0m] (2 of 2) A start job is running for...work interfaces (53s / 5min 30s)[K[    [0;31m*[0;1;31m*[0m] (1 of 2) A start job is running for Accounts Service (53s / 1min 52s)[K[   [0;31m*[0;1;31m*[0m[0;31m*[0m] (1 of 2) A start job is running for Accounts Service (54s / 1min 52s)[K         Starting Authenticate and Authorize Users to Run Privileged Tasks...
[  [0;31m*[0;1;31m*[0m[0;31m* [0m] (1 of 3) A start job is running for Accounts Service (54s / 1min 52s)[K[[0;32m  OK  [0m] Started Authenticate and Authorize Users to Run Privileged Tasks.
[[0;32m  OK  [0m] Started Accounts Service.
[[0;32m  OK  [0m] Started Raise network interfaces.
         Starting Initial cloud-init job (metadata service crawler)...
[[0;32m  OK  [0m] Reached target Network.
[   78.558593] cloud-init[1018]: Cloud-init v. 0.7.8 running 'init' at Mon, 03 Oct 2016 07:54:59 +0000. Up 76.29 seconds.
[   78.590433] cloud-init[1018]: ci-info: ++++++++++++++++++++++++++++++++++++++Net device info++++++++++++++++++++++++++++++++++++++
[[0;32m  OK  [0m] Started Initial cloud-init job (metadata service crawler).
[   78.681844] cloud-init[1018]: ci-info: +--------+-------+----------------------------+---------------+-------+-------------------+
[[0;32m  OK  [0m] Reached target Cloud-config availability.
[   78.766200] [cloud-init[0;32m  OK  [0m[1018]: ] ci-info: | Device |   Up  |          Address           |      Mask     | Scope |     Hw-Address    |Reached target Network is Online.

[   78.824403] cloud-init[1018]: ci-info: +--------+-------+----------------------------+---------------+-------+-------------------+
         Starting /etc/rc.local Compatibility...
[   78.860184] cloud-init[1018]: ci-info: |   lo   |  True |         127.0.0.1          |   255.0.0.0   |   .   |         .         |
[   79.013245]          cloud-initStarting Apply the settings specified in cloud-config...[1018]: 
ci-info: |   lo   |  True |          ::1/128           |       .       |  host |         .         |
[   79.116557]          cloud-initStarting iSCSI initiator daemon (iscsid)...[1018]: 
ci-info: | enp0s3 |  True |         10.0.2.15          | 255.255.255.0 |   .   | 02:a0:3d:de:85:bf |
[   79.150124]          cloud-initStarting Pollinate to seed the pseudo random number generator...[1018]: 
ci-info: | enp0s3 |  True | fe80::a0:3dff:fede:85bf/64 |       .       |  link | 02:a0:3d:de:85:bf |
[[0;32m  OK  [0m] Started /etc/rc.local Compatibility.
[   79.219650] cloud-init[1018]: ci-info: | enp0s8 | False |             .              |       .       |   .   | 08:00:27:a9:80:51 |
[   79.289537] cloud-init[1018]: ci-info: +--------+-------+----------------------------+---------------+-------+-------------------+
[   79.307576] cloud-init[1018]: ci-info: +++++++++++++++++++++++++++Route IPv4 info++++++++++++++++++++++++++++
[   79.337292] cloud-init[1018]: ci-info: +-------+-------------+----------+---------------+-----------+-------+
[   79.362527] cloud-init[1018]: ci-info: | Route | Destination | Gateway  |    Genmask    | Interface | Flags |
[   79.392689] cloud-init[1018]: ci-info: +-------+-------------+----------+---------------+-----------+-------+
[   79.412313] cloud-init[1018]: ci-info: |   0   |   0.0.0.0   | 10.0.2.2 |    0.0.0.0    |   enp0s3  |   UG  |
[   79.423724] cloud-init[1018]: ci-info: |   1   |   10.0.2.0  | 0.0.0.0  | 255.255.255.0 |   enp0s3  |   U   |
[   79.445028] cloud-init[1018]: ci-info: +-------+-------------+----------+---------------+-----------+-------+
[[0;32m  OK  [0m] Started iSCSI initiator daemon (iscsid).
[   79.477475] cloud-init[1018]: Generating public/private rsa key pair.
         Starting Login to default iSCSI targets...
[   79.523780] cloud-init[1018]: Your identification has been saved in /etc/ssh/ssh_host_rsa_key.
[   79.571646] cloud-init[1018]: Your public key has been saved in /etc/ssh/ssh_host_rsa_key.pub.
[   79.621418] cloud-init[1018]: The key fingerprint is:
[   79.642477] cloud-init[1018]: SHA256:KRRsc9j4oDzcLNm9mcWrOgwhclxrepcWsVDNiizR744 root@ubuntu-xenial
[   79.713010] cloud-init[1018]: The key's randomart image is:
[   79.725637] cloud-init[1018]: +---[RSA 2048]----+
[   79.743889] cloud-init[1018]: |   . oo*         |
[   79.756529] cloud-init[1018]: |  . + O.=        |
[   79.764870] cloud-init[1018]: | . * %.X .       |
[   79.797369] cloud-init[1018]: |. = &.O o.o      |
[   79.816756] cloud-init[1018]: | o = =.oS= .     |
[   79.840871] cloud-init[1018]: |  . o =.+ .      |
[[0;32m  OK  [0m] Started Login to default iSCSI targets.
[   79.854562] cloud-init[1018]: |   . B   .       |
[   79.913026] cloud-init[1018]: |    E + .        |
[   79.933109] cloud-init[1018]: |      .o         |
[[0;32m  OK  [0m] Reached target Remote File Systems (Pre).
[[0;32m  OK  [0m] Reached target Remote File Systems.
[   79.960079] cloud-init[1018]: +----[SHA256]-----+
[   80.037060] cloud-init[1018]: Generating public/private dsa key pair.
         Starting LSB: VirtualBox Linux Additions...
[   80.054198] cloud-init[1018]: Your identification has been saved in /etc/ssh/ssh_host_dsa_key.
[   80.078899] cloud-init[1018]: Your public key has been saved in /etc/ssh/ssh_host_dsa_key.pub.
         [   80.116472] cloud-init[1018]: The key fingerprint is:
[   80.116653] cloud-init[1018]: SHA256:rDPmmz7QsbCZk7bNv9Xs1Ph7Ko8/6WoDEZ1B/7mpdxk root@ubuntu-xenial
[   80.116772] cloud-init[1018]: The key's randomart image is:
[   80.116918] cloud-init[1018]: +---[DSA 1024]----+
[   80.117028] cloud-init[1018]: |           ooo   |
[   80.117140] cloud-init[1018]: |          . o.   |
[   80.117361] cloud-init[1018]: |           .  .  |
[   80.117648] cloud-init[1018]: |    . ..  .    ..|
[   80.117782] cloud-init[1018]: |     B oS  .   ..|
[   80.117942] cloud-init[1018]: |    O o.  .o o Eo|
[   80.118102] cloud-init[1018]: |   . *=   ..= .+o|
Starting LSB: Set the CPU Frequency Scaling governor to "ondemand"...
[   80.118260] cloud-init[1018]: |    .o++ . o+o+oo|
[   80.310858] cloud-init[1018]: |     .=+o. .+OO=.|
         Starting Permit User Sessions...
[   80.345196] cloud-init[1018]: +----[SHA256]-----+
[   80.409437] cloud-init[1018]: Generating public/private ecdsa key pair.
         Starting LSB: automatic crash report generation...
[   80.411767] cloud-init[1018]: Your identification has been saved in /etc/ssh/ssh_host_ecdsa_key.
[   80.557823]          cloud-initStarting LSB: daemon to balance interrupts for SMP systems...[1018]: 
Your public key has been saved in /etc/ssh/ssh_host_ecdsa_key.pub.
[   80.619936] cloud-init[1018]: The key fingerprint is:
[   80.620496] cloud-init[1018]: SHA256:DVjzZAoB8nP/QQbJKoqiOR99GpcbJjYi/Suffvb6oJs root@ubuntu-xenial
[[0;32m  OK  [0m] Started Permit User Sessions.
[   80.620714] cloud-init[1018]: The key's randomart image is:
[   80.696144] cloud-init[1018]: +---[ECDSA 256]---+
[[0;32m  OK  [0m] Started LSB: Set the CPU Frequency Scaling governor to "ondemand".
[   80.747107] cloud-init[1018]: |  . ..oo+.o      |
         Starting Terminate Plymouth Boot Screen...
[   80.868164] cloud-init[1018]: |   o   +oB       |
[   80.920519] cloud-init[1018]: |    o o.o +      |
[   80.932431] cloud-init[1018]: |    .o.. =       |
[   80.932885] cloud-init[1018]: | . . .  S o      |
         Starting Hold until boot process finishes up...
[   80.933121] cloud-init[1018]: |o...   . . .     |
[[   81.048757] cloud-init[1018]: |+.+ * B   .      |
[   81.050000] cloud-init[1018]: |+..= %o+         |
[0;32m  OK  [0m] Started Terminate Plymouth Boot Screen.
[   81.050294] cloud-init[1018]: | o.+E=o+o        |
[   81.101545] cloud-init[1018]: +----[SHA256]-----+
[   81.102476] cloud-init[1018]: Generating public/private ed25519 key pair.
[[0;32m  OK  [0m] Started Hold until boot process finishes up.
[   81.102667] cloud-init[1018]: Your identification has been saved in /etc/ssh/ssh_host_ed25519_key.
[   81.180978] cloud-init[1018]: Your public key has been saved in /etc/ssh/ssh_host_ed25519_key.pub.
[   81.181530] [cloud-init[0;32m  OK  [0m[1018]: ] The key fingerprint is:Started LSB: automatic crash report generation.

[[0;32m  OK  [0m] Started LSB: daemon to balance interrupts for SMP systems.
[   81.182138] cloud-init[1018]: SHA256:HJ51Zx9rP0XRhBlw9kj6N8fXmaybtpaul/hr4bpvFok root@ubuntu-xenial
[   81.334917] [cloud-init[0;32m  OK  [0m[1018]: ] The key's randomart image is:Started Serial Getty on ttyS0.

[   81.335835] cloud-init[1018]: +--[ED25519 256]--+
[   81.382904] cloud-init[1018]: |            ..=*o|
[[0;32m  OK  [0m] Started Getty on tty1.
[   81.427909] cloud-init[1018]: |             =ooo|
[   81.453767] [[0;32m  OK  [0m] Reached target Login Prompts.
cloud-init[1018]: |        . . o +.o|
[   81.477122] cloud-init[1018]: |       o + . +.+*|
         Starting Set console scheme...
[   81.499934] cloud-init[1018]: |        S   . oBO|
[   81.644816] cloud-init[1018]: |           E +o.*|
[[0;32m  OK  [0m[   81.745368] cloud-init[1018]: |            o.=..|
] Started Set console scheme.
[[0;32m  OK  [0m] Started LSB: VirtualBox Linux Additions.
[   81.749413] cloud-init[1018]: |           . @o .|
[   81.910054] cloud-init[1018]: |           +#Oo  |
[   81.931765] cloud-init[1018]: +----[SHA256]-----+
[   81.991043] cloud-init[1102]: Generating locales (this might take a while)...
[   85.068403] cloud-init[1102]:   en_US.UTF-8... done
[   85.098619] cloud-init[1102]: Generation complete.

Ubuntu 16.04.1 LTS ubuntu-xenial ttyS0

ubuntu-xenial login: [   92.348012] cloud-init[1102]: Cloud-init v. 0.7.8 running 'modules:config' at Mon, 03 Oct 2016 07:55:03 +0000. Up 80.00 seconds.
ci-info: no authorized ssh keys fingerprints found for user ubuntu.
<14>Oct  3 07:55:20 ec2: 
<14>Oct  3 07:55:20 ec2: #############################################################
<14>Oct  3 07:55:20 ec2: -----BEGIN SSH HOST KEY FINGERPRINTS-----
<14>Oct  3 07:55:20 ec2: 1024 SHA256:rDPmmz7QsbCZk7bNv9Xs1Ph7Ko8/6WoDEZ1B/7mpdxk root@ubuntu-xenial (DSA)
<14>Oct  3 07:55:20 ec2: 256 SHA256:DVjzZAoB8nP/QQbJKoqiOR99GpcbJjYi/Suffvb6oJs root@ubuntu-xenial (ECDSA)
<14>Oct  3 07:55:20 ec2: 256 SHA256:HJ51Zx9rP0XRhBlw9kj6N8fXmaybtpaul/hr4bpvFok root@ubuntu-xenial (ED25519)
<14>Oct  3 07:55:20 ec2: 2048 SHA256:KRRsc9j4oDzcLNm9mcWrOgwhclxrepcWsVDNiizR744 root@ubuntu-xenial (RSA)
<14>Oct  3 07:55:20 ec2: -----END SSH HOST KEY FINGERPRINTS-----
<14>Oct  3 07:55:20 ec2: #############################################################
-----BEGIN SSH HOST KEY KEYS-----
ecdsa-sha2-nistp256 AAAAE2VjZHNhLXNoYTItbmlzdHAyNTYAAAAIbmlzdHAyNTYAAABBBAzPT6oW5XtOH0JAx7vvE/jryLUbm8bhNAo7CLpN+qVmjEpN7IuiRGRMe2h8qxMKuUbwsTXgvWpFa952EJ2L54Y= root@ubuntu-xenial
ssh-ed25519 AAAAC3NzaC1lZDI1NTE5AAAAINwAuV62Dqpm/G/lNHUZS/aAd8jihvXZRpW76MEnoMeK root@ubuntu-xenial
ssh-rsa AAAAB3NzaC1yc2EAAAADAQABAAABAQDX6DjeXGsSQBZYWBdxyz80H6BYZ1HggVhJBAUa5ME7TDOFF8s6f11j8Yq0v0olQXR+Uj8/kNm/SKjc/CZM1o9W+d2OecS6Ce3VyXB7VGDgDePpX9ZQWl/oIcGoRjRatywf4cpxmzZxsMIZtl2llyiPIHWc3rmrIl+Jmf5qF12qEWSh4rrdNWl7cN3Jvec+Um3gX6Ei7qEyAKQNKVW/ZeNir4WDihTmtxZ++Na5OG0h2Dx5eka//M5qcgH8H91Hpxwbg47nWmAwEHpHhEiChsewfjFFOI3KUcxg/JH2P+ieF5nt5tGbEM8Pi2oDpjbiimpJ9rBmZuVqF0dvVbu0Pat9 root@ubuntu-xenial
-----END SSH HOST KEY KEYS-----
[   97.535807] cloud-init[1322]: Cloud-init v. 0.7.8 running 'modules:final' at Mon, 03 Oct 2016 07:55:20 +0000. Up 96.81 seconds.
[   97.540258] cloud-init[1322]: ci-info: no authorized ssh keys fingerprints found for user ubuntu.
[   97.540556] cloud-init[1322]: Cloud-init v. 0.7.8 finished at Mon, 03 Oct 2016 07:55:20 +0000. Datasource DataSourceNoCloud [seed=/dev/sdb][dsmode=net].  Up 97.50 seconds
